Define g = { 1 0 2 }
